#-----------------------------------------------------------
# Vivado v2023.1 (64-bit)
# SW Build 3865809 on Sun May  7 15:05:29 MDT 2023
# IP Build 3864474 on Sun May  7 20:36:21 MDT 2023
# SharedData Build 3865790 on Sun May 07 13:33:03 MDT 2023
# Start of session at: Tue May 12 16:49:48 2026
# Process ID: 9324
# Current directory: D:/STUDY/HE_THONG_HDL/DO_AN/code/AES256_Copy
# Command line: vivado.exe -mode batch -source D:\STUDY\HE_THONG_HDL\DO_AN\code\AES256_Copy\scripts\run_synth_impl.tcl -tclargs D:\STUDY\HE_THONG_HDL\DO_AN\code\AES256_Copy\project_1\project_1.xpr D:\STUDY\HE_THONG_HDL\DO_AN\code\AES256_Copy\results
# Log file: D:/STUDY/HE_THONG_HDL/DO_AN/code/AES256_Copy/vivado.log
# Journal file: D:/STUDY/HE_THONG_HDL/DO_AN/code/AES256_Copy\vivado.jou
# Running On: DESKTOP-DGP33K4, OS: Windows, CPU Frequency: 1596 MHz, CPU Physical cores: 2, Host memory: 17079 MB
#-----------------------------------------------------------
source {D:\STUDY\HE_THONG_HDL\DO_AN\code\AES256_Copy\scripts\run_synth_impl.tcl}
